[asis] {"nodes": 125, "terminals": 131, "counts": {"allfold": 1, "uncontested": 25, "showdown": 80, "flop": 25}, "converged": true, "iters": 575, "final_gain": 0.0009236294033831651, "seconds": 21.58, "kind_reach": {"allfold": 0.079633, "uncontested": 0.563129, "showdown": 0.301486, "flop": 0.055752}, "reach_sum": 1.0, "flop_terminal_reach": [[37, 9.2e-07], [62, 1.907e-05], [66, 0.00023405], [68, 0.00017747], [69, 0.00013907], [71, 0.00014269], [72, 0.0001274], [73, 0.00012498], [98, 1.3e-07], [105, 9e-08], [108, 7e-08], [109, 2.1e-07], [112, 7e-08], [113, 2.1e-07], [114, 5.5e-07], [118, 0.01233627], [120, 0.00859139], [121, 0.00451176], [123, 0.00729274], [124, 0.0042458], [125, 0.00259107], [127, 0.00647588], [128, 0.00361462], [129, 0.00244333], [130, 0.00268252]], "flop_reach_total": 0.05575238, "short_firstin": {"P(fold)": 0.7503, "P(raise)": 0.0, "P(allin)": 0.2497, "range_fold": 0.7511, "range_raise": 0.0, "range_allin": 0.2489}, "conditional_on_short_firstin": {"fold": {"P": 0.750327, "kind_reach": {"allfold": 0.106131, "uncontested": 0.657368, "showdown": 0.235214, "flop": 0.001287}}, "raise": {"P": 2e-06, "kind_reach": {"allfold": 0.0, "uncontested": 0.029356, "showdown": 0.309674, "flop": 0.66097}}, "allin": {"P": 0.249671, "kind_reach": {"allfold": 0.0, "uncontested": 0.279921, "showdown": 0.500649, "flop": 0.21943}}}}
[leafree] {"nodes": 100, "terminals": 106, "counts": {"allfold": 1, "uncontested": 25, "showdown": 80, "flop": 0}, "converged": true, "iters": 575, "final_gain": 0.0009240511378415884, "seconds": 20.38, "kind_reach": {"allfold": 0.080769, "uncontested": 0.539726, "showdown": 0.379504}, "reach_sum": 1.0, "flop_terminal_reach": [], "flop_reach_total": 0, "short_firstin": {"P(fold)": 0.7409, "P(raise)": 0.0004, "P(allin)": 0.2587, "range_fold": 0.7391, "range_raise": 0.0, "range_allin": 0.2609}, "conditional_on_short_firstin": {"fold": {"P": 0.740873, "kind_reach": {"allfold": 0.109019, "uncontested": 0.653466, "showdown": 0.237515}}, "raise": {"P": 0.00041, "kind_reach": {"allfold": 0.0, "uncontested": 0.262417, "showdown": 0.737583}}, "allin": {"P": 0.258717, "kind_reach": {"allfold": 0.0, "uncontested": 0.214456, "showdown": 0.785544}}}}
chart_diff: {"matched_nodes": 92, "mean_abs_dsigma_prior": 0.11810837110362979, "max_abs_dsigma": 0.999993961352657}
[asis] {"nodes": 125, "terminals": 131, "counts": {"allfold": 1, "uncontested": 25, "showdown": 70, "flop": 35}, "converged": true, "iters": 650, "final_gain": 0.0009761754366321132, "seconds": 29.59, "kind_reach": {"allfold": 0.027824, "uncontested": 0.68475, "showdown": 0.261816, "flop": 0.025611}, "reach_sum": 1.0, "flop_terminal_reach": [[16, 1.88e-06], [30, 4.804e-05], [34, 9.8e-07], [36, 8.3e-07], [37, 8.9e-07], [51, 1.863e-05], [58, 2.682e-05], [61, 2.017e-05], [62, 2.142e-05], [66, 3.588e-05], [68, 2.205e-05], [69, 2.093e-05], [71, 1.905e-05], [72, 1.897e-05], [73, 1.956e-05], [87, 5e-08], [94, 6e-08], [97, 5e-08], [98, 1.1e-07], [105, 7e-08], [108, 5e-08], [109, 1.5e-07], [112, 6e-08], [113, 1.5e-07], [114, 3.7e-07], [118, 0.00514406], [120, 0.00321942], [121, 0.00192771], [123, 0.00330557], [124, 0.00194331], [125, 0.00158802], [127, 0.00312575], [128, 0.00184858], [129, 0.00155481], [130, 0.00167605]], "flop_reach_total": 0.02561052, "short_firstin": {"P(fold)": 0.7749, "P(raise)": 0.0, "P(allin)": 0.2251, "range_fold": 0.7722, "range_raise": 0.0, "range_allin": 0.2278}, "conditional_on_short_firstin": {"fold": {"P": 0.7749, "kind_reach": {"allfold": 0.035906, "uncontested": 0.7703, "showdown": 0.193438, "flop": 0.000356}}, "raise": {"P": 2e-06, "kind_reach": {"allfold": 0.0, "uncontested": 0.038684, "showdown": 0.253722, "flop": 0.707595}}, "allin": {"P": 0.225098, "kind_reach": {"allfold": 0.0, "uncontested": 0.39025, "showdown": 0.497207, "flop": 0.112543}}}}
[leafree] {"nodes": 90, "terminals": 96, "counts": {"allfold": 1, "uncontested": 25, "showdown": 70, "flop": 0}, "converged": true, "iters": 700, "final_gain": 0.0009752224149396169, "seconds": 23.42, "kind_reach": {"allfold": 0.027468, "uncontested": 0.676667, "showdown": 0.295865}, "reach_sum": 1.0, "flop_terminal_reach": [], "flop_reach_total": 0, "short_firstin": {"P(fold)": 0.7669, "P(raise)": 0.0278, "P(allin)": 0.2052, "range_fold": 0.7662, "range_raise": 0.0226, "range_allin": 0.2112}, "conditional_on_short_firstin": {"fold": {"P": 0.766949, "kind_reach": {"allfold": 0.035814, "uncontested": 0.768674, "showdown": 0.195512}}, "raise": {"P": 0.027826, "kind_reach": {"allfold": 0.0, "uncontested": 0.392307, "showdown": 0.607693}}, "allin": {"P": 0.205226, "kind_reach": {"allfold": 0.0, "uncontested": 0.371384, "showdown": 0.628616}}}}
chart_diff: {"matched_nodes": 80, "mean_abs_dsigma_prior": 0.12413324557049536, "max_abs_dsigma": 0.9999955988667967}
[asis] {"nodes": 85, "terminals": 90, "counts": {"allfold": 1, "uncontested": 19, "showdown": 60, "flop": 10}, "converged": true, "iters": 675, "final_gain": 0.0009679584282182618, "seconds": 17.36, "kind_reach": {"allfold": 0.069369, "uncontested": 0.433124, "showdown": 0.163364, "flop": 0.334143}, "reach_sum": 1.0, "flop_terminal_reach": [[77, 0.07106294], [79, 0.01079022], [80, 0.04633079], [82, 0.010732], [83, 0.04415029], [84, 0.02686958], [86, 0.01045282], [87, 0.04463675], [88, 0.02762421], [89, 0.04149372]], "flop_reach_total": 0.33414333, "short_firstin": {"P(fold)": 0.6271, "P(allin)": 0.3729, "range_fold": 0.6275, "range_allin": 0.3725}, "conditional_on_short_firstin": {"fold": {"P": 0.627129, "kind_reach": {"allfold": 0.110613, "uncontested": 0.690646, "showdown": 0.198741, "flop": 0.0}}, "allin": {"P": 0.372871, "kind_reach": {"allfold": 0.0, "uncontested": 0.0, "showdown": 0.103863, "flop": 0.896136}}}}
[leafree] {"nodes": 75, "terminals": 80, "counts": {"allfold": 1, "uncontested": 19, "showdown": 60, "flop": 0}, "converged": true, "iters": 350, "final_gain": 0.0008995189882543456, "seconds": 7.24, "kind_reach": {"allfold": 0.019365, "uncontested": 0.122628, "showdown": 0.858007}, "reach_sum": 1.0, "flop_terminal_reach": [], "flop_reach_total": 0, "short_firstin": {"P(fold)": 0.1779, "P(allin)": 0.8221, "range_fold": 0.178, "range_allin": 0.822}, "conditional_on_short_firstin": {"fold": {"P": 0.177899, "kind_reach": {"allfold": 0.108856, "uncontested": 0.689313, "showdown": 0.201831}}, "allin": {"P": 0.822101, "kind_reach": {"allfold": 0.0, "uncontested": 0.0, "showdown": 1.0}}}}
chart_diff: {"matched_nodes": 75, "mean_abs_dsigma_prior": 0.04533387915795204, "max_abs_dsigma": 0.999989668451207}
Traceback (most recent call last):
  File "/Users/nuttakit/project/poker-harness/deepstack-swarm/workspace/burch/flopgap/ab.py", line 162, in <module>
    main()
  File "/Users/nuttakit/project/poker-harness/deepstack-swarm/workspace/burch/flopgap/ab.py", line 109, in main
    r = solve_arm(stacks, kw, mode, target, max_iters)
        ^^^^^^^^^^^^^^^^^^^^^^^^^^^^^^^^^^^^^^^^^^^^^^
  File "/Users/nuttakit/project/poker-harness/deepstack-swarm/workspace/burch/flopgap/ab.py", line 61, in solve_arm
    sol = solve3.solve_icm(tree, pay, target, "cfr+", check_every=check_every,
          ^^^^^^^^^^^^^^^^^^^^^^^^^^^^^^^^^^^^^^^^^^^^^^^^^^^^^^^^^^^^^^^^^^^^
  File "/Users/nuttakit/project/poker-harness/deepstack-swarm/workspace/burch/open3bet/solve3.py", line 62, in solve_icm
    plan = icm_pricer3.plan(tree, payouts)
           ^^^^^^^^^^^^^^^^^^^^^^^^^^^^^^^
  File "/Users/nuttakit/project/poker-harness/deepstack-swarm/workspace/burch/open3bet/icm_pricer3.py", line 87, in plan
    payouts.check(n)
  File "/Users/nuttakit/project/poker-harness/pushfold/icm.py", line 64, in check
    raise PayoutError(f"{len(self.prizes)} places paid but only {players} players left")
pushfold.icm.PayoutError: 45 places paid but only 3 players left
Traceback (most recent call last):
  File "/Users/nuttakit/project/poker-harness/deepstack-swarm/workspace/burch/flopgap/ab.py", line 162, in <module>
    main()
  File "/Users/nuttakit/project/poker-harness/deepstack-swarm/workspace/burch/flopgap/ab.py", line 109, in main
    r = solve_arm(stacks, kw, mode, target, max_iters)
        ^^^^^^^^^^^^^^^^^^^^^^^^^^^^^^^^^^^^^^^^^^^^^^
  File "/Users/nuttakit/project/poker-harness/deepstack-swarm/workspace/burch/flopgap/ab.py", line 61, in solve_arm
    sol = solve3.solve_icm(tree, pay, target, "cfr+", check_every=check_every,
          ^^^^^^^^^^^^^^^^^^^^^^^^^^^^^^^^^^^^^^^^^^^^^^^^^^^^^^^^^^^^^^^^^^^^
  File "/Users/nuttakit/project/poker-harness/deepstack-swarm/workspace/burch/open3bet/solve3.py", line 62, in solve_icm
    plan = icm_pricer3.plan(tree, payouts)
           ^^^^^^^^^^^^^^^^^^^^^^^^^^^^^^^
  File "/Users/nuttakit/project/poker-harness/deepstack-swarm/workspace/burch/open3bet/icm_pricer3.py", line 87, in plan
    payouts.check(n)
  File "/Users/nuttakit/project/poker-harness/pushfold/icm.py", line 64, in check
    raise PayoutError(f"{len(self.prizes)} places paid but only {players} players left")
pushfold.icm.PayoutError: 45 places paid but only 6 players left
