iter 1000: max=0.006659 per-seat gains=[0.006659, 0.006317, 0.003506]
iter 3000: max=0.004045 per-seat gains=[0.004045, 0.00283, 0.002473]
iter 6000: max=0.003513 per-seat gains=[0.003513, 0.001594, 0.001302]
iter 12000: max=0.002673 per-seat gains=[0.002673, 0.000709, 0.000825]

nodes:
  idx=0 seat=0 raises=0 acts=(0, 2, 3) to_call=1.00 raise_to=2.20 pot=1.50 hist=()
  idx=1 seat=1 raises=0 acts=(0, 2, 3) to_call=0.50 raise_to=2.20 pot=1.50 hist=((0, 0),)
  idx=2 seat=2 raises=1 acts=(0, 2, 3) to_call=1.20 raise_to=6.60 pot=3.20 hist=((0, 0), (1, 2))
  idx=3 seat=1 raises=2 acts=(0, 3) to_call=4.40 raise_to=0.00 pot=8.80 hist=((0, 0), (1, 2), (2, 2))
  idx=4 seat=2 raises=3 acts=(0, 1) to_call=23.40 raise_to=0.00 pot=36.60 hist=((0, 0), (1, 2), (2, 2), (1, 3))
  idx=5 seat=1 raises=2 acts=(0, 1) to_call=27.80 raise_to=0.00 pot=32.20 hist=((0, 0), (1, 2), (2, 3))
  idx=6 seat=2 raises=1 acts=(0, 1) to_call=29.00 raise_to=0.00 pot=31.00 hist=((0, 0), (1, 3))
  idx=7 seat=1 raises=1 acts=(0, 2, 3) to_call=1.70 raise_to=6.60 pot=3.70 hist=((0, 2),)
  idx=8 seat=2 raises=1 acts=(0, 2, 3) to_call=1.20 raise_to=6.60 pot=3.70 hist=((0, 2), (1, 0))
  idx=9 seat=0 raises=2 acts=(0, 3) to_call=4.40 raise_to=0.00 pot=9.30 hist=((0, 2), (1, 0), (2, 2))
  idx=10 seat=2 raises=3 acts=(0, 1) to_call=23.40 raise_to=0.00 pot=37.10 hist=((0, 2), (1, 0), (2, 2), (0, 3))
  idx=11 seat=0 raises=2 acts=(0, 1) to_call=27.80 raise_to=0.00 pot=32.70 hist=((0, 2), (1, 0), (2, 3))
  idx=12 seat=2 raises=2 acts=(0, 3) to_call=5.60 raise_to=0.00 pot=9.80 hist=((0, 2), (1, 2))
  idx=13 seat=0 raises=2 acts=(0, 3) to_call=4.40 raise_to=0.00 pot=9.80 hist=((0, 2), (1, 2), (2, 0))
  idx=14 seat=1 raises=3 acts=(0, 1) to_call=23.40 raise_to=0.00 pot=37.60 hist=((0, 2), (1, 2), (2, 0), (0, 3))
  idx=15 seat=0 raises=3 acts=(0, 1) to_call=27.80 raise_to=0.00 pot=38.80 hist=((0, 2), (1, 2), (2, 3))
  idx=16 seat=1 raises=3 acts=(0, 1) to_call=23.40 raise_to=0.00 pot=38.80 hist=((0, 2), (1, 2), (2, 3), (0, 0))
  idx=17 seat=1 raises=3 acts=(0, 1) to_call=23.40 raise_to=0.00 pot=66.60 hist=((0, 2), (1, 2), (2, 3), (0, 1))
  idx=18 seat=2 raises=2 acts=(0, 1) to_call=29.00 raise_to=0.00 pot=33.20 hist=((0, 2), (1, 3))
  idx=19 seat=0 raises=2 acts=(0, 1) to_call=27.80 raise_to=0.00 pot=33.20 hist=((0, 2), (1, 3), (2, 0))
  idx=20 seat=0 raises=2 acts=(0, 1) to_call=27.80 raise_to=0.00 pot=62.20 hist=((0, 2), (1, 3), (2, 1))
  idx=21 seat=1 raises=1 acts=(0, 1) to_call=29.50 raise_to=0.00 pot=31.50 hist=((0, 3),)
  idx=22 seat=2 raises=1 acts=(0, 1) to_call=29.00 raise_to=0.00 pot=31.50 hist=((0, 3), (1, 0))
  idx=23 seat=2 raises=1 acts=(0, 1) to_call=29.00 raise_to=0.00 pot=61.00 hist=((0, 3), (1, 1))
