big-past-n3-30bb-left450       [fresh solve] 200 it, gain 0.003120, 4.6s; nodes 14, crowd 447
    seat       mean  se(mean)    sigma  se(sig)       eps   audit EV   mean-EV
       0    0.15224   0.01100   4.9200   0.0258  0.001030    0.17009  -0.01785
       1   -0.16388   0.01451   6.4886   0.0281  0.001359   -0.18020   0.01632
       2   -0.44156   0.01592   7.1194   0.0323  0.001491   -0.47111   0.02955
    sigma 4.9200-7.1194 ICM chips; eps at max sigma 1.4910 mICM/hand, at min sigma 1.0304; sim 2.2s
big-past-n6-8bb-left450        [fresh solve] 600 it, gain 0.004131, 86.6s; nodes 125, crowd 444
    seat       mean  se(mean)    sigma  se(sig)       eps   audit EV   mean-EV
       0    0.06677   0.00334   1.4923   0.0064  0.000313    0.06276   0.00401
       1    0.07762   0.00370   1.6555   0.0078  0.000347    0.07633   0.00128
       2    0.09816   0.00419   1.8755   0.0069  0.000393    0.09279   0.00537
       3    0.12108   0.00486   2.1738   0.0075  0.000455    0.11897   0.00211
       4   -0.24708   0.00601   2.6866   0.0085  0.000563   -0.25635   0.00927
       5   -0.53496   0.00638   2.8510   0.0073  0.000597   -0.53231  -0.00265
    sigma 1.4923-2.8510 ICM chips; eps at max sigma 0.5971 mICM/hand, at min sigma 0.3125; sim 3.2s
big-past-n6-30bb-left450       [fresh solve] 400 it, gain 0.003587, 57.9s; nodes 125, crowd 444
    seat       mean  se(mean)    sigma  se(sig)       eps   audit EV   mean-EV
       0    0.08121   0.00767   3.4321   0.0270  0.000719    0.09277  -0.01156
       1    0.08867   0.00785   3.5123   0.0290  0.000736    0.09581  -0.00714
       2    0.11056   0.00848   3.7943   0.0285  0.000795    0.10324   0.00732
       3    0.13147   0.00948   4.2378   0.0340  0.000888    0.12002   0.01145
       4   -0.25902   0.01191   5.3274   0.0279  0.001116   -0.27092   0.01190
       5   -0.61772   0.01334   5.9668   0.0323  0.001250   -0.63573   0.01801
    sigma 3.4321-5.9668 ICM chips; eps at max sigma 1.2496 mICM/hand, at min sigma 0.7188; sim 2.7s

wrote deepstack-swarm/workspace/davis/grid_sigma_bigpast.json
