small-bubble-n2-8bb-left46     [grid cell] 475 it, gain 0.000555, 0.7s; nodes 4, crowd 44
    seat       mean  se(mean)    sigma  se(sig)       eps   audit EV   mean-EV
       0   -0.12955   0.00633   2.8313   0.0073  0.000593   -0.12992   0.00037
       1   -0.43722   0.00556   2.4885   0.0062  0.000521   -0.44743   0.01021
    sigma 2.4885-2.8313 ICM chips; eps at max sigma 0.5930 mICM/hand, at min sigma 0.5212; sim 4.8s
small-bubble-n2-12bb-left46    [grid cell] 725 it, gain 0.000568, 0.5s; nodes 4, crowd 44
    seat       mean  se(mean)    sigma  se(sig)       eps   audit EV   mean-EV
       0   -0.15259   0.00772   3.4526   0.0118  0.000723   -0.14598  -0.00661
       1   -0.41266   0.00686   3.0663   0.0101  0.000642   -0.42720   0.01454
    sigma 3.0663-3.4526 ICM chips; eps at max sigma 0.7231 mICM/hand, at min sigma 0.6422; sim 4.9s
small-bubble-n2-15bb-left46    [grid cell] 850 it, gain 0.000590, 0.6s; nodes 4, crowd 44
    seat       mean  se(mean)    sigma  se(sig)       eps   audit EV   mean-EV
       0   -0.16481   0.00853   3.8127   0.0155  0.000798   -0.15752  -0.00729
       1   -0.39292   0.00768   3.4337   0.0150  0.000719   -0.40637   0.01345
    sigma 3.4337-3.8127 ICM chips; eps at max sigma 0.7985 mICM/hand, at min sigma 0.7191; sim 6.7s
small-bubble-n2-20bb-left46    [grid cell] 1025 it, gain 0.000581, 0.8s; nodes 4, crowd 44
    seat       mean  se(mean)    sigma  se(sig)       eps   audit EV   mean-EV
       0   -0.18769   0.00878   3.9275   0.0177  0.000823   -0.18593  -0.00176
       1   -0.27617   0.00832   3.7206   0.0196  0.000779   -0.28987   0.01370
    sigma 3.7206-3.9275 ICM chips; eps at max sigma 0.8225 mICM/hand, at min sigma 0.7792; sim 5.0s
small-bubble-n2-30bb-left46    [grid cell] 750 it, gain 0.000590, 0.5s; nodes 4, crowd 44
    seat       mean  se(mean)    sigma  se(sig)       eps   audit EV   mean-EV
       0   -0.21890   0.01021   4.5656   0.0280  0.000956   -0.19775  -0.02116
       1   -0.24166   0.01067   4.7700   0.0309  0.000999   -0.26255   0.02090
    sigma 4.5656-4.7700 ICM chips; eps at max sigma 0.9990 mICM/hand, at min sigma 0.9562; sim 3.9s
small-bubble-n3-8bb-left46     [grid cell] 3475 it, gain 0.000597, 82.4s; nodes 14, crowd 43
    seat       mean  se(mean)    sigma  se(sig)       eps   audit EV   mean-EV
       0    0.09752   0.00460   2.0565   0.0072  0.000431    0.08259   0.01492
       1   -0.19186   0.00551   2.4629   0.0073  0.000516   -0.19182  -0.00004
       2   -0.51136   0.00520   2.3273   0.0069  0.000487   -0.51349   0.00213
    sigma 2.0565-2.4629 ICM chips; eps at max sigma 0.5158 mICM/hand, at min sigma 0.4307; sim 5.7s
small-bubble-n3-12bb-left46    [grid cell] 2025 it, gain 0.000591, 59.8s; nodes 14, crowd 43
    seat       mean  se(mean)    sigma  se(sig)       eps   audit EV   mean-EV
       0    0.08107   0.00503   2.2475   0.0108  0.000471    0.07166   0.00941
       1   -0.17411   0.00672   3.0062   0.0110  0.000630   -0.20055   0.02644
       2   -0.48456   0.00647   2.8919   0.0109  0.000606   -0.47546  -0.00910
    sigma 2.2475-3.0062 ICM chips; eps at max sigma 0.6296 mICM/hand, at min sigma 0.4707; sim 4.8s
small-bubble-n3-15bb-left46    [grid cell] 1650 it, gain 0.000580, 50.2s; nodes 14, crowd 43
    seat       mean  se(mean)    sigma  se(sig)       eps   audit EV   mean-EV
       0    0.07400   0.00540   2.4147   0.0162  0.000506    0.06730   0.00670
       1   -0.19322   0.00745   3.3302   0.0142  0.000697   -0.20668   0.01346
       2   -0.45011   0.00733   3.2774   0.0123  0.000686   -0.45184   0.00173
    sigma 2.4147-3.3302 ICM chips; eps at max sigma 0.6975 mICM/hand, at min sigma 0.5057; sim 5.8s
small-bubble-n3-20bb-left46    [grid cell] 1300 it, gain 0.000584, 29.4s; nodes 14, crowd 43
    seat       mean  se(mean)    sigma  se(sig)       eps   audit EV   mean-EV
       0    0.06862   0.00545   2.4366   0.0185  0.000510    0.06023   0.00838
       1   -0.22156   0.00832   3.7193   0.0188  0.000779   -0.21910  -0.00246
       2   -0.36962   0.00840   3.7571   0.0167  0.000787   -0.38505   0.01543
    sigma 2.4366-3.7571 ICM chips; eps at max sigma 0.7869 mICM/hand, at min sigma 0.5103; sim 5.0s
small-bubble-n3-30bb-left46    [grid cell] 1000 it, gain 0.000598, 24.4s; nodes 14, crowd 43
    seat       mean  se(mean)    sigma  se(sig)       eps   audit EV   mean-EV
       0    0.06098   0.00599   2.6808   0.0375  0.000561    0.06515  -0.00417
       1   -0.21487   0.00925   4.1362   0.0254  0.000866   -0.22585   0.01098
       2   -0.31903   0.01042   4.6584   0.0296  0.000976   -0.33794   0.01891
    sigma 2.6808-4.6584 ICM chips; eps at max sigma 0.9756 mICM/hand, at min sigma 0.5614; sim 6.4s

wrote deepstack-swarm/workspace/davis/grid_sigma_existing_seed2.json
