big-bubble-n9-8bb-left226      [fresh solve] 1800 it, gain 0.004677, 1162.0s; nodes 494, crowd 217
    seat       mean  se(mean)    sigma  se(sig)       eps   audit EV   mean-EV
       0    0.02945   0.00194   0.8654   0.0062  0.000181    0.02266   0.00679
       1    0.02381   0.00204   0.9135   0.0057  0.000191    0.02475  -0.00094
       2    0.02736   0.00218   0.9770   0.0067  0.000205    0.02718   0.00018
       3    0.03574   0.00249   1.1152   0.0053  0.000234    0.03030   0.00544
       4    0.04011   0.00292   1.3069   0.0077  0.000274    0.03690   0.00321
       5    0.05023   0.00325   1.4526   0.0084  0.000304    0.04417   0.00606
       6    0.04913   0.00365   1.6310   0.0078  0.000342    0.05443  -0.00529
       7   -0.26160   0.00432   1.9299   0.0073  0.000404   -0.25909  -0.00251
       8   -0.56452   0.00442   1.9777   0.0071  0.000414   -0.57153   0.00701
    sigma 0.8654-1.9777 ICM chips; eps at max sigma 0.4142 mICM/hand, at min sigma 0.1812; sim 5.2s
big-bubble-n6-30bb-left226     [fresh solve] 400 it, gain 0.004417, 67.7s; nodes 125, crowd 220
    seat       mean  se(mean)    sigma  se(sig)       eps   audit EV   mean-EV
       0    0.04041   0.00500   2.2373   0.0254  0.000469    0.04296  -0.00255
       1    0.04400   0.00541   2.4214   0.0343  0.000507    0.04451  -0.00051
       2    0.05337   0.00583   2.6090   0.0288  0.000546    0.04819   0.00519
       3    0.06892   0.00643   2.8736   0.0316  0.000602    0.05621   0.01271
       4   -0.25684   0.00862   3.8543   0.0332  0.000807   -0.25748   0.00064
       5   -0.48248   0.00982   4.3921   0.0301  0.000920   -0.50659   0.02411
    sigma 2.2373-4.3921 ICM chips; eps at max sigma 0.9198 mICM/hand, at min sigma 0.4686; sim 8.3s
big-bubble-n9-30bb-left226     [fresh solve] 600 it, gain 0.004263, 418.8s; nodes 494, crowd 217
    seat       mean  se(mean)    sigma  se(sig)       eps   audit EV   mean-EV
       0    0.03091   0.00388   1.7372   0.0267  0.000364    0.03241  -0.00150
       1    0.03208   0.00417   1.8671   0.0289  0.000391    0.03226  -0.00018
       2    0.03432   0.00437   1.9561   0.0223  0.000410    0.03236   0.00196
       3    0.03948   0.00470   2.1021   0.0336  0.000440    0.03475   0.00472
       4    0.04805   0.00501   2.2389   0.0365  0.000469    0.03768   0.01037
       5    0.05081   0.00559   2.5015   0.0302  0.000524    0.04192   0.00889
       6    0.06931   0.00596   2.6656   0.0355  0.000558    0.04840   0.02091
       7   -0.27346   0.00763   3.4134   0.0326  0.000715   -0.27271  -0.00075
       8   -0.54803   0.00851   3.8048   0.0282  0.000797   -0.55766   0.00963
    sigma 1.7372-3.8048 ICM chips; eps at max sigma 0.7968 mICM/hand, at min sigma 0.3638; sim 4.1s
big-bubble-n6-30bb-left226     [fresh solve] 400 it, gain 0.004417, 54.8s; nodes 125, crowd 220
    seat       mean  se(mean)    sigma  se(sig)       eps   audit EV   mean-EV
       0    0.04041   0.00500   2.2373   0.0254  0.000469    0.04296  -0.00255
       1    0.04400   0.00541   2.4214   0.0343  0.000507    0.04451  -0.00051
       2    0.05337   0.00583   2.6090   0.0288  0.000546    0.04819   0.00519
       3    0.06892   0.00643   2.8736   0.0316  0.000602    0.05621   0.01271
       4   -0.25684   0.00862   3.8543   0.0332  0.000807   -0.25748   0.00064
       5   -0.48248   0.00982   4.3921   0.0301  0.000920   -0.50659   0.02411
    sigma 2.2373-4.3921 ICM chips; eps at max sigma 0.9198 mICM/hand, at min sigma 0.4686; sim 2.8s

wrote deepstack-swarm/workspace/davis/grid_sigma_bign9.json
