eq3: 4,825,860 possible triples, rms(diff) 0.01395, max|diff| 0.07133, implied per-table sigma 0.00987
pw: 4,825,860 possible triples, rms(diff) 0.01451, max|diff| 0.07825, implied per-table sigma 0.01026

=== 6h-10bb-ante1.0-bb (chipEV)
    exploit: table A 0.00075 (iters 75), table B 0.00075 (iters 75), chart dTV 0.11%
    EV table A  [ 0.2365  0.2833  0.3393  0.3984  0.0395 -1.297 ]
    EV table B  [ 0.2365  0.2833  0.3392  0.3984  0.0395 -1.2969]
    |dEV| per seat [0.     0.0001 0.     0.     0.0001 0.0001] max 0.00007
    chart A audited on table B: EV [ 0.2365  0.2833  0.3392  0.3984  0.0395 -1.297 ] (loss [-0. -0. -0.  0.  0. -0.])
    chart B audited on table A: EV [ 0.2365  0.2833  0.3392  0.3984  0.0395 -1.2969] (loss [ 0.  0.  0. -0. -0.  0.])
    sigma_max 5.4075, eps 0.001132

=== 6h-10bb-ante1.0-bb-bubble46 (ICM)
    exploit: table A 0.00088 (iters 100), table B 0.00088 (iters 100), chart dTV 0.06%
    EV table A  [ 0.2139  0.2238  0.2173  0.2175 -0.1673 -1.4831]
    EV table B  [ 0.214   0.2238  0.2173  0.2174 -0.1673 -1.4831]
    |dEV| per seat [0. 0. 0. 0. 0. 0.] max 0.00005
    chart A audited on table B: EV [ 0.2139  0.2238  0.2173  0.2175 -0.1673 -1.4831] (loss [ 0.  0.  0. -0. -0. -0.])
    chart B audited on table A: EV [ 0.214   0.2237  0.2173  0.2174 -0.1673 -1.4831] (loss [-0. -0. -0.  0.  0.  0.])
    sigma_max 3.0090, eps 0.000630

=== HU-10bb (chipEV, exact e2 only)
    exploit: table A 0.00064 (iters 50), table B 0.00064 (iters 50), chart dTV 0.00%
    EV table A  [-0.0455  0.0455]
    EV table B  [-0.0455  0.0455]
    |dEV| per seat [0. 0.] max 0.00000
    chart A audited on table B: EV [-0.0455  0.0455] (loss [0. 0.])
    chart B audited on table A: EV [-0.0455  0.0455] (loss [0. 0.])
    sigma_max 4.5905, eps 0.000961

wrote deepstack-swarm/workspace/davis/noise_floor.json
