
=== HU-10bb  (bb/hand)  n=2 stacks=(10.0, 10.0) ante=0.0 each fee=0.0
    solve: cfr+ target=0.001 iters=50 exploit=0.00064 0.0s
    seat      mean  se(mean)    sigma se(sigma)       eps  audit EV   mean-EV
       0  -0.05086   0.01027   4.5945   0.01141  0.000962  -0.04545  -0.00541
       1   0.05086   0.01027   4.5945   0.01141  0.000962   0.04545   0.00541
    sigma range 4.5945-4.5945; eps at max sigma = 0.000962 bb/hand = 0.9622 mbb/hand

=== HU-10bb-icm-ft  (ICM chips/hand)  n=2 stacks=(10.0, 10.0) ante=0.0 each fee=0.0
    ICM, heads-up of the 300-runner field: 1st/2nd only, no field
    solve: cfr+ target=0.001 iters=25 exploit=0.00046 0.0s
    seat      mean  se(mean)    sigma se(sigma)       eps  audit EV   mean-EV
       0  -0.01080   0.00200   0.8936   0.00222  0.000187  -0.00892  -0.00188
       1   0.01080   0.00200   0.8936   0.00222  0.000187   0.00892   0.00188
    sigma range 0.8936-0.8936; eps at max sigma = 0.000187 ICM chips/hand = 0.1871 mICM/hand

=== 3h-10bb  (bb/hand)  n=3 stacks=(10.0, 10.0, 10.0) ante=0.0 each fee=0.0
    solve: cfr+ target=0.001 iters=50 exploit=0.00090 0.6s
    seat      mean  se(mean)    sigma se(sigma)       eps  audit EV   mean-EV
       0   0.23245   0.00806   3.6063   0.01389  0.000755   0.22713   0.00533
       1  -0.08378   0.01021   4.5662   0.01238  0.000956  -0.07897  -0.00481
       2  -0.14868   0.01053   4.7093   0.01079  0.000986  -0.14816  -0.00051
    sigma range 3.6063-4.7093; eps at max sigma = 0.000986 bb/hand = 0.9863 mbb/hand

=== 6h-10bb-ante0.25-each  (bb/hand)  n=6 stacks=(10.0, 10.0, 10.0, 10.0, 10.0, 10.0) ante=0.25 each fee=0.0
    solve: cfr+ target=0.001 iters=75 exploit=0.00077 2.9s
    seat      mean  se(mean)    sigma se(sigma)       eps  audit EV   mean-EV
       0   0.07296   0.01032   4.6130   0.01308  0.000966   0.07012   0.00284
       1   0.13787   0.01112   4.9726   0.01137  0.001041   0.12169   0.01619
       2   0.17189   0.01159   5.1823   0.01435  0.001085   0.17620  -0.00430
       3   0.22325   0.01215   5.4352   0.01962  0.001138   0.22913  -0.00588
       4  -0.13638   0.01334   5.9658   0.01401  0.001249  -0.13049  -0.00590
       5  -0.46959   0.01405   6.2831   0.01465  0.001316  -0.46664  -0.00295
    sigma range 4.6130-6.2831; eps at max sigma = 0.001316 bb/hand = 1.3159 mbb/hand

=== 6h-10bb-ante0.5-bb  (bb/hand)  n=6 stacks=(10.0, 10.0, 10.0, 10.0, 10.0, 10.0) ante=0.5 bb fee=0.0
    solve: cfr+ target=0.001 iters=75 exploit=0.00081 4.2s
    seat      mean  se(mean)    sigma se(sigma)       eps  audit EV   mean-EV
       0   0.18061   0.00690   3.0868   0.01193  0.000646   0.16224   0.01837
       1   0.20019   0.00764   3.4173   0.01067  0.000716   0.20152  -0.00134
       2   0.25699   0.00862   3.8570   0.01228  0.000808   0.24911   0.00788
       3   0.29742   0.00921   4.1194   0.01314  0.000863   0.30881  -0.01138
       4  -0.07763   0.01063   4.7520   0.01158  0.000995  -0.06204  -0.01559
       5  -0.85759   0.01101   4.9256   0.01011  0.001032  -0.85964   0.00206
    sigma range 3.0868-4.9256; eps at max sigma = 0.001032 bb/hand = 1.0316 mbb/hand

=== 6h-10bb-ante1.0-bb  (bb/hand)  n=6 stacks=(10.0, 10.0, 10.0, 10.0, 10.0, 10.0) ante=1.0 bb fee=0.0
    solve: cfr+ target=0.001 iters=75 exploit=0.00075 3.3s
    seat      mean  se(mean)    sigma se(sigma)       eps  audit EV   mean-EV
       0   0.24391   0.00849   3.7990   0.01371  0.000796   0.23649   0.00742
       1   0.29993   0.00949   4.2457   0.01036  0.000889   0.28333   0.01660
       2   0.33821   0.01020   4.5613   0.01540  0.000955   0.33925  -0.00104
       3   0.38928   0.01070   4.7856   0.01620  0.001002   0.39841  -0.00913
       4   0.03459   0.01197   5.3551   0.01201  0.001122   0.03949  -0.00489
       5  -1.30593   0.01212   5.4212   0.01223  0.001135  -1.29698  -0.00896
    sigma range 3.7990-5.4212; eps at max sigma = 0.001135 bb/hand = 1.1354 mbb/hand

=== 6h-10bb-ante1.0-bb-bubble46  (ICM chips/hand)  n=6 stacks=(10.0, 10.0, 10.0, 10.0, 10.0, 10.0) ante=1.0 bb fee=0.0
    ICM, 46 left of 300, 45 paid, field average 20bb -> crowd 40 x 21.5bb
    solve: cfr+ target=0.001 iters=100 exploit=0.00088 8.5s
    seat      mean  se(mean)    sigma se(sigma)       eps  audit EV   mean-EV
       0   0.23492   0.00667   2.9833   0.01173  0.000625   0.21393   0.02099
       1   0.22427   0.00678   3.0307   0.01140  0.000635   0.22380   0.00047
       2   0.22253   0.00650   2.9056   0.01014  0.000609   0.21732   0.00520
       3   0.20401   0.00625   2.7933   0.01304  0.000585   0.21746  -0.01344
       4  -0.16983   0.00589   2.6362   0.01549  0.000552  -0.16729  -0.00254
       5  -1.48089   0.00631   2.8207   0.00862  0.000591  -1.48313   0.00224
    sigma range 2.6362-3.0307; eps at max sigma = 0.000635 ICM chips/hand = 0.6347 mICM/hand

wrote deepstack-swarm/workspace/davis/eps-seed2.json
