code fingerprint fa654842  snapshot -> /Users/nuttakit/project/poker-harness/deepstack-swarm/workspace/bowling/tier1chart/cells/code-fa654842  80 cells planned
small-bubble-n2-8bb-left46         solving (4 nodes, crowd 44) ...
small-bubble-n2-8bb-left46         ok  0.000555 475 it 0.7s 
small-bubble-n2-12bb-left46        solving (4 nodes, crowd 44) ...
small-bubble-n2-12bb-left46        ok  0.000568 725 it 0.5s 
small-bubble-n2-15bb-left46        solving (4 nodes, crowd 44) ...
small-bubble-n2-15bb-left46        ok  0.000590 850 it 0.6s 
small-bubble-n2-20bb-left46        solving (4 nodes, crowd 44) ...
small-bubble-n2-20bb-left46        ok  0.000581 1025 it 0.8s 
small-bubble-n2-30bb-left46        solving (4 nodes, crowd 44) ...
small-bubble-n2-30bb-left46        ok  0.000590 750 it 0.5s 
small-bubble-n3-8bb-left46         solving (14 nodes, crowd 43) ...
small-bubble-n3-8bb-left46         ok  0.000597 3475 it 82.4s 
small-bubble-n3-12bb-left46        solving (14 nodes, crowd 43) ...
small-bubble-n3-12bb-left46        ok  0.000591 2025 it 59.8s 
small-bubble-n3-15bb-left46        solving (14 nodes, crowd 43) ...
small-bubble-n3-15bb-left46        ok  0.000580 1650 it 50.2s 
small-bubble-n3-20bb-left46        solving (14 nodes, crowd 43) ...
small-bubble-n3-20bb-left46        ok  0.000584 1300 it 29.4s 
small-bubble-n3-30bb-left46        solving (14 nodes, crowd 43) ...
small-bubble-n3-30bb-left46        ok  0.000598 1000 it 24.4s 
small-bubble-n6-8bb-left46         solving (125 nodes, crowd 40) ...
small-bubble-n6-8bb-left46         ok  0.000597 5000 it 824.4s 
small-bubble-n6-12bb-left46        solving (125 nodes, crowd 40) ...
