code fingerprint c371df3b  snapshot -> /Users/nuttakit/project/poker-harness/deepstack-swarm/workspace/bowling/tier1chart/cells/code-c371df3b  80 cells planned
small-bubble-n9-12bb-left46        solving (494 nodes, crowd 37) ...
small-bubble-n9-12bb-left46        ok  0.011828 725 it 234.2s 
small-bubble-n9-15bb-left46        solving (494 nodes, crowd 37) ...
small-bubble-n9-15bb-left46        ok  0.011838 700 it 198.5s 
small-bubble-n9-20bb-left46        solving (494 nodes, crowd 37) ...
small-bubble-n9-20bb-left46        ok  0.011755 575 it 125.3s 
small-bubble-n9-30bb-left46        solving (494 nodes, crowd 37) ...
small-bubble-n9-30bb-left46        ok  0.011105 400 it 72.5s 
small-past-n3-8bb-left90           solving (14 nodes, crowd 87) ...
small-past-n3-8bb-left90           ok  0.004895 225 it 2.1s 
small-past-n3-12bb-left90          solving (14 nodes, crowd 87) ...
small-past-n3-12bb-left90          ok  0.004728 275 it 2.5s 
small-past-n3-15bb-left90          solving (14 nodes, crowd 87) ...
small-past-n3-15bb-left90          ok  0.005349 250 it 2.3s 
small-past-n3-20bb-left90          solving (14 nodes, crowd 87) ...
small-past-n3-20bb-left90          ok  0.005089 225 it 2.1s 
small-past-n3-30bb-left90          solving (14 nodes, crowd 87) ...
small-past-n3-30bb-left90          ok  0.005132 175 it 1.6s 
small-past-n6-8bb-left90           solving (125 nodes, crowd 84) ...
small-past-n6-8bb-left90           ok  0.007308 375 it 14.5s 
small-past-n6-12bb-left90          solving (125 nodes, crowd 84) ...
small-past-n6-12bb-left90          ok  0.007499 525 it 20.3s 
small-past-n6-15bb-left90          solving (125 nodes, crowd 84) ...
small-past-n6-15bb-left90          ok  0.006835 500 it 19.8s 
small-past-n6-20bb-left90          solving (125 nodes, crowd 84) ...
small-past-n6-20bb-left90          ok  0.006792 400 it 16.0s 
small-past-n6-30bb-left90          solving (125 nodes, crowd 84) ...
small-past-n6-30bb-left90          ok  0.007104 275 it 10.4s 
small-past-n9-8bb-left90           solving (494 nodes, crowd 81) ...
small-past-n9-8bb-left90           ok  0.011644 425 it 77.5s 
small-past-n9-12bb-left90          solving (494 nodes, crowd 81) ...
small-past-n9-12bb-left90          ok  0.011766 575 it 106.0s 
small-past-n9-15bb-left90          solving (494 nodes, crowd 81) ...
small-past-n9-15bb-left90          ok  0.011422 575 it 104.5s 
small-past-n9-20bb-left90          solving (494 nodes, crowd 81) ...
small-past-n9-20bb-left90          ok  0.011592 500 it 91.1s 
small-past-n9-30bb-left90          solving (494 nodes, crowd 81) ...
small-past-n9-30bb-left90          ok  0.010620 325 it 58.6s 
big-bubble-n3-8bb-left226          solving (14 nodes, crowd 223) ...
big-bubble-n3-8bb-left226          ok  0.005441 525 it 4.8s 
big-bubble-n3-12bb-left226         solving (14 nodes, crowd 223) ...
big-bubble-n3-12bb-left226         ok  0.005396 550 it 4.9s 
big-bubble-n3-15bb-left226         solving (14 nodes, crowd 223) ...
big-bubble-n3-15bb-left226         ok  0.004994 425 it 3.8s 
big-bubble-n3-20bb-left226         solving (14 nodes, crowd 223) ...
big-bubble-n3-20bb-left226         ok  0.005166 300 it 3.0s 
big-bubble-n3-30bb-left226         solving (14 nodes, crowd 223) ...
big-bubble-n3-30bb-left226         ok  0.005475 200 it 2.0s 
big-bubble-n6-8bb-left226          solving (125 nodes, crowd 220) ...
big-bubble-n6-8bb-left226          ok  0.007355 775 it 30.7s 
big-bubble-n6-12bb-left226         solving (125 nodes, crowd 220) ...
big-bubble-n6-12bb-left226         ok  0.007484 750 it 29.1s 
big-bubble-n6-15bb-left226         solving (125 nodes, crowd 220) ...
big-bubble-n6-15bb-left226         ok  0.007247 600 it 23.9s 
big-bubble-n6-20bb-left226         solving (125 nodes, crowd 220) ...
big-bubble-n6-20bb-left226         ok  0.006727 500 it 19.0s 
big-bubble-n6-30bb-left226         solving (125 nodes, crowd 220) ...
big-bubble-n6-30bb-left226         ok  0.007386 300 it 11.5s 
big-bubble-n9-8bb-left226          solving (494 nodes, crowd 217) ...
big-bubble-n9-8bb-left226          ok  0.011634 625 it 114.2s 
big-bubble-n9-12bb-left226         solving (494 nodes, crowd 217) ...
big-bubble-n9-12bb-left226         ok  0.011772 700 it 132.4s 
big-bubble-n9-15bb-left226         solving (494 nodes, crowd 217) ...
big-bubble-n9-15bb-left226         ok  0.011680 650 it 125.3s 
big-bubble-n9-20bb-left226         solving (494 nodes, crowd 217) ...
big-bubble-n9-20bb-left226         ok  0.010996 575 it 105.9s 
big-bubble-n9-30bb-left226         solving (494 nodes, crowd 217) ...
big-bubble-n9-30bb-left226         ok  0.010993 350 it 62.6s 
big-past-n3-8bb-left450            solving (14 nodes, crowd 447) ...
big-past-n3-8bb-left450            ok  0.004936 200 it 1.7s 
big-past-n3-12bb-left450           solving (14 nodes, crowd 447) ...
big-past-n3-12bb-left450           ok  0.004757 250 it 2.3s 
big-past-n3-15bb-left450           solving (14 nodes, crowd 447) ...
big-past-n3-15bb-left450           ok  0.004619 250 it 2.4s 
big-past-n3-20bb-left450           solving (14 nodes, crowd 447) ...
big-past-n3-20bb-left450           ok  0.004556 225 it 2.1s 
big-past-n3-30bb-left450           solving (14 nodes, crowd 447) ...
big-past-n3-30bb-left450           ok  0.005283 150 it 1.5s 
big-past-n6-8bb-left450            solving (125 nodes, crowd 444) ...
big-past-n6-8bb-left450            ok  0.007372 325 it 12.3s 
big-past-n6-12bb-left450           solving (125 nodes, crowd 444) ...
big-past-n6-12bb-left450           ok  0.007220 500 it 20.3s 
big-past-n6-15bb-left450           solving (125 nodes, crowd 444) ...
big-past-n6-15bb-left450           ok  0.007323 475 it 18.3s 
big-past-n6-20bb-left450           solving (125 nodes, crowd 444) ...
big-past-n6-20bb-left450           ok  0.006977 375 it 14.5s 
big-past-n6-30bb-left450           solving (125 nodes, crowd 444) ...
big-past-n6-30bb-left450           ok  0.007166 275 it 11.2s 
big-past-n9-8bb-left450            solving (494 nodes, crowd 441) ...
big-past-n9-8bb-left450            ok  0.011724 300 it 53.6s 
big-past-n9-12bb-left450           solving (494 nodes, crowd 441) ...
big-past-n9-12bb-left450           ok  0.011477 550 it 102.6s 
big-past-n9-15bb-left450           solving (494 nodes, crowd 441) ...
big-past-n9-15bb-left450           ok  0.011529 575 it 104.9s 
big-past-n9-20bb-left450           solving (494 nodes, crowd 441) ...
big-past-n9-20bb-left450           ok  0.011677 475 it 85.6s 
big-past-n9-30bb-left450           solving (494 nodes, crowd 441) ...
big-past-n9-30bb-left450           ok  0.010418 325 it 59.6s 
