code fingerprint c371df3b  snapshot -> /Users/nuttakit/project/poker-harness/deepstack-swarm/workspace/bowling/tier1chart/cells/code-c371df3b  80 cells planned
small-bubble-n2-8bb-left46         solving (4 nodes, crowd 44) ...
small-bubble-n2-8bb-left46         ok  0.000555 475 it 0.6s 
small-bubble-n2-12bb-left46        solving (4 nodes, crowd 44) ...
small-bubble-n2-12bb-left46        ok  0.000568 725 it 0.4s 
small-bubble-n2-15bb-left46        solving (4 nodes, crowd 44) ...
small-bubble-n2-15bb-left46        ok  0.000590 850 it 0.5s 
small-bubble-n2-20bb-left46        solving (4 nodes, crowd 44) ...
small-bubble-n2-20bb-left46        ok  0.000581 1025 it 0.6s 
small-bubble-n2-30bb-left46        solving (4 nodes, crowd 44) ...
small-bubble-n2-30bb-left46        ok  0.000590 750 it 0.5s 
small-bubble-n3-8bb-left46         solving (14 nodes, crowd 43) ...
small-bubble-n3-8bb-left46         ok  0.001940 1650 it 30.5s 
small-bubble-n3-12bb-left46        solving (14 nodes, crowd 43) ...
small-bubble-n3-12bb-left46        ok  0.001927 1100 it 25.8s 
small-bubble-n3-15bb-left46        solving (14 nodes, crowd 43) ...
small-bubble-n3-15bb-left46        ok  0.001988 900 it 19.9s 
small-bubble-n3-20bb-left46        solving (14 nodes, crowd 43) ...
small-bubble-n3-20bb-left46        ok  0.001862 675 it 15.3s 
small-bubble-n3-30bb-left46        solving (14 nodes, crowd 43) ...
small-bubble-n3-30bb-left46        ok  0.001885 450 it 9.6s 
small-bubble-n6-8bb-left46         solving (125 nodes, crowd 40) ...
small-bubble-n6-8bb-left46         ok  0.001995 2575 it 333.9s 
small-bubble-n6-12bb-left46        solving (125 nodes, crowd 40) ...
small-bubble-n6-12bb-left46        ok  0.001977 1850 it 245.8s 
small-bubble-n6-15bb-left46        solving (125 nodes, crowd 40) ...
small-bubble-n6-15bb-left46        ok  0.001990 1450 it 191.9s 
small-bubble-n6-20bb-left46        solving (125 nodes, crowd 40) ...
small-bubble-n6-20bb-left46        ok  0.001968 1075 it 165.3s 
small-bubble-n6-30bb-left46        solving (125 nodes, crowd 40) ...
small-bubble-n6-30bb-left46        ok  0.001955 725 it 114.7s 
small-bubble-n9-8bb-left46         solving (494 nodes, crowd 37) ...
