small-bubble-n2-8bb-left46         ok  0.000496 500 it 0.1s 
small-bubble-n2-12bb-left46        ok  0.000475 800 it 0.2s 
small-bubble-n2-15bb-left46        ok  0.000532 900 it 0.2s 
small-bubble-n2-20bb-left46        ok  0.000511 1100 it 0.2s 
small-bubble-n2-30bb-left46        ok  0.000522 800 it 0.2s 
small-bubble-n3-8bb-left46         ok  0.000591 3500 it 37.4s 
small-bubble-n3-12bb-left46        ok  0.000552 2100 it 22.2s 
small-bubble-n3-15bb-left46        ok  0.000537 1700 it 18.4s 
small-bubble-n3-20bb-left46        ok  0.000584 1300 it 14.0s 
small-bubble-n3-30bb-left46        ok  0.000598 1000 it 10.8s 
small-bubble-n6-8bb-left46         ok  0.000597 5000 it 466.0s 
small-bubble-n6-12bb-left46        ok  0.000553 3800 it 350.1s 
small-bubble-n6-15bb-left46        ok  0.000583 2800 it 258.2s 
small-bubble-n6-20bb-left46        ok  0.000546 2200 it 202.8s 
small-bubble-n6-30bb-left46        ok  0.000483 1600 it 147.6s 
small-past-n2-8bb-left90           ok  0.000583 500 it 0.1s 
small-past-n2-12bb-left90          ok  0.000523 600 it 0.1s 
small-past-n2-15bb-left90          ok  0.000576 600 it 0.1s 
small-past-n2-20bb-left90          ok  0.000555 600 it 0.1s 
small-past-n2-30bb-left90          ok  0.000582 600 it 0.1s 
small-past-n3-8bb-left90           ok  0.000560 1700 it 17.8s 
small-past-n3-12bb-left90          ok  0.000503 900 it 9.5s 
small-past-n3-15bb-left90          ok  0.000592 800 it 8.4s 
small-past-n3-20bb-left90          ok  0.000472 800 it 8.4s 
small-past-n3-30bb-left90          ok  0.000471 600 it 6.3s 
small-past-n6-8bb-left90           ok  0.000598 2200 it 203.2s 
small-past-n6-12bb-left90          ok  0.000529 2200 it 203.3s 
small-past-n6-15bb-left90          ok  0.000509 2000 it 185.0s 
small-past-n6-20bb-left90          ok  0.000588 1400 it 129.2s 
small-past-n6-30bb-left90          ok  0.000434 1200 it 110.9s 
big-bubble-n2-8bb-left226          ok  0.000569 600 it 0.1s 
big-bubble-n2-12bb-left226         ok  0.000543 1000 it 0.2s 
big-bubble-n2-15bb-left226         ok  0.000565 1000 it 0.2s 
big-bubble-n2-20bb-left226         ok  0.000522 1000 it 0.2s 
big-bubble-n2-30bb-left226         ok  0.000486 800 it 0.2s 
big-bubble-n3-8bb-left226          ok  0.000573 3200 it 33.6s 
big-bubble-n3-12bb-left226         ok  0.000569 1800 it 18.9s 
big-bubble-n3-15bb-left226         ok  0.000585 1400 it 14.6s 
big-bubble-n3-20bb-left226         ok  0.000581 1000 it 10.5s 
big-bubble-n3-30bb-left226         ok  0.000514 700 it 7.4s 
big-bubble-n6-8bb-left226          ok  0.000578 4200 it 390.3s 
